  Determinando os projetos a serem restaurados...
C:\Users\JAQUELINE\source\repos\ajudantedemagico\SkillMatch\backend\SkillMatch.Api\SkillMatch.Api.csproj : warning NU1603: SkillMatch.Api depends on System.IdentityModel.Tokens.Jwt (>= 8.2.2) but System.IdentityModel.Tokens.Jwt 8.2.2 was not found. System.IdentityModel.Tokens.Jwt 8.3.0 was resolved instead. [C:\Users\JAQUELINE\source\repos\ajudantedemagico\SkillMatch\SkillMatch.sln]
C:\Users\JAQUELINE\source\repos\ajudantedemagico\SkillMatch\backend\SkillMatch.Api\SkillMatch.Api.csproj : warning NU1903: Package 'System.IO.Packaging' 8.0.0 has a known high severity vulnerability, https://github.com/advisories/GHSA-f32c-w444-8ppv [C:\Users\JAQUELINE\source\repos\ajudantedemagico\SkillMatch\SkillMatch.sln]
C:\Users\JAQUELINE\source\repos\ajudantedemagico\SkillMatch\backend\SkillMatch.Api\SkillMatch.Api.csproj : warning NU1903: Package 'System.IO.Packaging' 8.0.0 has a known high severity vulnerability, https://github.com/advisories/GHSA-qj66-m88j-hmgj [C:\Users\JAQUELINE\source\repos\ajudantedemagico\SkillMatch\SkillMatch.sln]
  Todos os projetos est├úo atualizados para restaura├º├úo.
C:\Users\JAQUELINE\source\repos\ajudantedemagico\SkillMatch\backend\SkillMatch.Api\SkillMatch.Api.csproj : warning NU1603: SkillMatch.Api depends on System.IdentityModel.Tokens.Jwt (>= 8.2.2) but System.IdentityModel.Tokens.Jwt 8.2.2 was not found. System.IdentityModel.Tokens.Jwt 8.3.0 was resolved instead.
C:\Users\JAQUELINE\source\repos\ajudantedemagico\SkillMatch\backend\SkillMatch.Api\SkillMatch.Api.csproj : warning NU1903: Package 'System.IO.Packaging' 8.0.0 has a known high severity vulnerability, https://github.com/advisories/GHSA-f32c-w444-8ppv
C:\Users\JAQUELINE\source\repos\ajudantedemagico\SkillMatch\backend\SkillMatch.Api\SkillMatch.Api.csproj : warning NU1903: Package 'System.IO.Packaging' 8.0.0 has a known high severity vulnerability, https://github.com/advisories/GHSA-qj66-m88j-hmgj
C:\Program Files\dotnet\sdk\10.0.202\Microsoft.Common.CurrentVersion.targets(5395,5): warning MSB3026: n├úo foi poss├¡vel copiar "C:\Users\JAQUELINE\source\repos\ajudantedemagico\SkillMatch\backend\SkillMatch.Api\obj\Debug\net10.0\apphost.exe" para "bin\Debug\net10.0\SkillMatch.Api.exe". Iniciando nova tentativa 1 em 1000ms. The process cannot access the file 'C:\Users\JAQUELINE\source\repos\ajudantedemagico\SkillMatch\backend\SkillMatch.Api\bin\Debug\net10.0\SkillMatch.Api.exe' because it is being used by another process. O arquivo ├® bloqueado por: "SkillMatch.Api (12312)" [C:\Users\JAQUELINE\source\repos\ajudantedemagico\SkillMatch\backend\SkillMatch.Api\SkillMatch.Api.csproj]
C:\Program Files\dotnet\sdk\10.0.202\Microsoft.Common.CurrentVersion.targets(5395,5): warning MSB3026: n├úo foi poss├¡vel copiar "C:\Users\JAQUELINE\source\repos\ajudantedemagico\SkillMatch\backend\SkillMatch.Api\obj\Debug\net10.0\apphost.exe" para "bin\Debug\net10.0\SkillMatch.Api.exe". Iniciando nova tentativa 2 em 1000ms. The process cannot access the file 'C:\Users\JAQUELINE\source\repos\ajudantedemagico\SkillMatch\backend\SkillMatch.Api\bin\Debug\net10.0\SkillMatch.Api.exe' because it is being used by another process. O arquivo ├® bloqueado por: "SkillMatch.Api (12312)" [C:\Users\JAQUELINE\source\repos\ajudantedemagico\SkillMatch\backend\SkillMatch.Api\SkillMatch.Api.csproj]
C:\Program Files\dotnet\sdk\10.0.202\Microsoft.Common.CurrentVersion.targets(5395,5): warning MSB3026: n├úo foi poss├¡vel copiar "C:\Users\JAQUELINE\source\repos\ajudantedemagico\SkillMatch\backend\SkillMatch.Api\obj\Debug\net10.0\apphost.exe" para "bin\Debug\net10.0\SkillMatch.Api.exe". Iniciando nova tentativa 3 em 1000ms. The process cannot access the file 'C:\Users\JAQUELINE\source\repos\ajudantedemagico\SkillMatch\backend\SkillMatch.Api\bin\Debug\net10.0\SkillMatch.Api.exe' because it is being used by another process. O arquivo ├® bloqueado por: "SkillMatch.Api (12312)" [C:\Users\JAQUELINE\source\repos\ajudantedemagico\SkillMatch\backend\SkillMatch.Api\SkillMatch.Api.csproj]
C:\Program Files\dotnet\sdk\10.0.202\Microsoft.Common.CurrentVersion.targets(5395,5): warning MSB3026: n├úo foi poss├¡vel copiar "C:\Users\JAQUELINE\source\repos\ajudantedemagico\SkillMatch\backend\SkillMatch.Api\obj\Debug\net10.0\apphost.exe" para "bin\Debug\net10.0\SkillMatch.Api.exe". Iniciando nova tentativa 4 em 1000ms. The process cannot access the file 'C:\Users\JAQUELINE\source\repos\ajudantedemagico\SkillMatch\backend\SkillMatch.Api\bin\Debug\net10.0\SkillMatch.Api.exe' because it is being used by another process. O arquivo ├® bloqueado por: "SkillMatch.Api (12312)" [C:\Users\JAQUELINE\source\repos\ajudantedemagico\SkillMatch\backend\SkillMatch.Api\SkillMatch.Api.csproj]
C:\Program Files\dotnet\sdk\10.0.202\Microsoft.Common.CurrentVersion.targets(5395,5): warning MSB3026: n├úo foi poss├¡vel copiar "C:\Users\JAQUELINE\source\repos\ajudantedemagico\SkillMatch\backend\SkillMatch.Api\obj\Debug\net10.0\apphost.exe" para "bin\Debug\net10.0\SkillMatch.Api.exe". Iniciando nova tentativa 5 em 1000ms. The process cannot access the file 'C:\Users\JAQUELINE\source\repos\ajudantedemagico\SkillMatch\backend\SkillMatch.Api\bin\Debug\net10.0\SkillMatch.Api.exe' because it is being used by another process. O arquivo ├® bloqueado por: "SkillMatch.Api (12312)" [C:\Users\JAQUELINE\source\repos\ajudantedemagico\SkillMatch\backend\SkillMatch.Api\SkillMatch.Api.csproj]
C:\Program Files\dotnet\sdk\10.0.202\Microsoft.Common.CurrentVersion.targets(5395,5): warning MSB3026: n├úo foi poss├¡vel copiar "C:\Users\JAQUELINE\source\repos\ajudantedemagico\SkillMatch\backend\SkillMatch.Api\obj\Debug\net10.0\apphost.exe" para "bin\Debug\net10.0\SkillMatch.Api.exe". Iniciando nova tentativa 6 em 1000ms. The process cannot access the file 'C:\Users\JAQUELINE\source\repos\ajudantedemagico\SkillMatch\backend\SkillMatch.Api\bin\Debug\net10.0\SkillMatch.Api.exe' because it is being used by another process. O arquivo ├® bloqueado por: "SkillMatch.Api (12312)" [C:\Users\JAQUELINE\source\repos\ajudantedemagico\SkillMatch\backend\SkillMatch.Api\SkillMatch.Api.csproj]
C:\Program Files\dotnet\sdk\10.0.202\Microsoft.Common.CurrentVersion.targets(5395,5): warning MSB3026: n├úo foi poss├¡vel copiar "C:\Users\JAQUELINE\source\repos\ajudantedemagico\SkillMatch\backend\SkillMatch.Api\obj\Debug\net10.0\apphost.exe" para "bin\Debug\net10.0\SkillMatch.Api.exe". Iniciando nova tentativa 7 em 1000ms. The process cannot access the file 'C:\Users\JAQUELINE\source\repos\ajudantedemagico\SkillMatch\backend\SkillMatch.Api\bin\Debug\net10.0\SkillMatch.Api.exe' because it is being used by another process. O arquivo ├® bloqueado por: "SkillMatch.Api (12312)" [C:\Users\JAQUELINE\source\repos\ajudantedemagico\SkillMatch\backend\SkillMatch.Api\SkillMatch.Api.csproj]
C:\Program Files\dotnet\sdk\10.0.202\Microsoft.Common.CurrentVersion.targets(5395,5): warning MSB3026: n├úo foi poss├¡vel copiar "C:\Users\JAQUELINE\source\repos\ajudantedemagico\SkillMatch\backend\SkillMatch.Api\obj\Debug\net10.0\apphost.exe" para "bin\Debug\net10.0\SkillMatch.Api.exe". Iniciando nova tentativa 8 em 1000ms. The process cannot access the file 'C:\Users\JAQUELINE\source\repos\ajudantedemagico\SkillMatch\backend\SkillMatch.Api\bin\Debug\net10.0\SkillMatch.Api.exe' because it is being used by another process. O arquivo ├® bloqueado por: "SkillMatch.Api (12312)" [C:\Users\JAQUELINE\source\repos\ajudantedemagico\SkillMatch\backend\SkillMatch.Api\SkillMatch.Api.csproj]
C:\Program Files\dotnet\sdk\10.0.202\Microsoft.Common.CurrentVersion.targets(5395,5): warning MSB3026: n├úo foi poss├¡vel copiar "C:\Users\JAQUELINE\source\repos\ajudantedemagico\SkillMatch\backend\SkillMatch.Api\obj\Debug\net10.0\apphost.exe" para "bin\Debug\net10.0\SkillMatch.Api.exe". Iniciando nova tentativa 9 em 1000ms. The process cannot access the file 'C:\Users\JAQUELINE\source\repos\ajudantedemagico\SkillMatch\backend\SkillMatch.Api\bin\Debug\net10.0\SkillMatch.Api.exe' because it is being used by another process. O arquivo ├® bloqueado por: "SkillMatch.Api (12312)" [C:\Users\JAQUELINE\source\repos\ajudantedemagico\SkillMatch\backend\SkillMatch.Api\SkillMatch.Api.csproj]
C:\Program Files\dotnet\sdk\10.0.202\Microsoft.Common.CurrentVersion.targets(5395,5): warning MSB3026: n├úo foi poss├¡vel copiar "C:\Users\JAQUELINE\source\repos\ajudantedemagico\SkillMatch\backend\SkillMatch.Api\obj\Debug\net10.0\apphost.exe" para "bin\Debug\net10.0\SkillMatch.Api.exe". Iniciando nova tentativa 10 em 1000ms. The process cannot access the file 'C:\Users\JAQUELINE\source\repos\ajudantedemagico\SkillMatch\backend\SkillMatch.Api\bin\Debug\net10.0\SkillMatch.Api.exe' because it is being used by another process. O arquivo ├® bloqueado por: "SkillMatch.Api (12312)" [C:\Users\JAQUELINE\source\repos\ajudantedemagico\SkillMatch\backend\SkillMatch.Api\SkillMatch.Api.csproj]
C:\Program Files\dotnet\sdk\10.0.202\Microsoft.Common.CurrentVersion.targets(5395,5): error MSB3027: n├úo foi poss├¡vel copiar "C:\Users\JAQUELINE\source\repos\ajudantedemagico\SkillMatch\backend\SkillMatch.Api\obj\Debug\net10.0\apphost.exe" para "bin\Debug\net10.0\SkillMatch.Api.exe". N├║mero de novas tentativas 10 excedido. Falha. O arquivo ├® bloqueado por: "SkillMatch.Api (12312)" [C:\Users\JAQUELINE\source\repos\ajudantedemagico\SkillMatch\backend\SkillMatch.Api\SkillMatch.Api.csproj]
C:\Program Files\dotnet\sdk\10.0.202\Microsoft.Common.CurrentVersion.targets(5395,5): error MSB3021: N├úo ├® poss├¡vel copiar o arquivo "C:\Users\JAQUELINE\source\repos\ajudantedemagico\SkillMatch\backend\SkillMatch.Api\obj\Debug\net10.0\apphost.exe" para "bin\Debug\net10.0\SkillMatch.Api.exe". The process cannot access the file 'C:\Users\JAQUELINE\source\repos\ajudantedemagico\SkillMatch\backend\SkillMatch.Api\bin\Debug\net10.0\SkillMatch.Api.exe' because it is being used by another process. [C:\Users\JAQUELINE\source\repos\ajudantedemagico\SkillMatch\backend\SkillMatch.Api\SkillMatch.Api.csproj]

FALHA da compila├º├úo.

C:\Users\JAQUELINE\source\repos\ajudantedemagico\SkillMatch\backend\SkillMatch.Api\SkillMatch.Api.csproj : warning NU1603: SkillMatch.Api depends on System.IdentityModel.Tokens.Jwt (>= 8.2.2) but System.IdentityModel.Tokens.Jwt 8.2.2 was not found. System.IdentityModel.Tokens.Jwt 8.3.0 was resolved instead. [C:\Users\JAQUELINE\source\repos\ajudantedemagico\SkillMatch\SkillMatch.sln]
C:\Users\JAQUELINE\source\repos\ajudantedemagico\SkillMatch\backend\SkillMatch.Api\SkillMatch.Api.csproj : warning NU1903: Package 'System.IO.Packaging' 8.0.0 has a known high severity vulnerability, https://github.com/advisories/GHSA-f32c-w444-8ppv [C:\Users\JAQUELINE\source\repos\ajudantedemagico\SkillMatch\SkillMatch.sln]
C:\Users\JAQUELINE\source\repos\ajudantedemagico\SkillMatch\backend\SkillMatch.Api\SkillMatch.Api.csproj : warning NU1903: Package 'System.IO.Packaging' 8.0.0 has a known high severity vulnerability, https://github.com/advisories/GHSA-qj66-m88j-hmgj [C:\Users\JAQUELINE\source\repos\ajudantedemagico\SkillMatch\SkillMatch.sln]
C:\Users\JAQUELINE\source\repos\ajudantedemagico\SkillMatch\backend\SkillMatch.Api\SkillMatch.Api.csproj : warning NU1603: SkillMatch.Api depends on System.IdentityModel.Tokens.Jwt (>= 8.2.2) but System.IdentityModel.Tokens.Jwt 8.2.2 was not found. System.IdentityModel.Tokens.Jwt 8.3.0 was resolved instead.
C:\Users\JAQUELINE\source\repos\ajudantedemagico\SkillMatch\backend\SkillMatch.Api\SkillMatch.Api.csproj : warning NU1903: Package 'System.IO.Packaging' 8.0.0 has a known high severity vulnerability, https://github.com/advisories/GHSA-f32c-w444-8ppv
C:\Users\JAQUELINE\source\repos\ajudantedemagico\SkillMatch\backend\SkillMatch.Api\SkillMatch.Api.csproj : warning NU1903: Package 'System.IO.Packaging' 8.0.0 has a known high severity vulnerability, https://github.com/advisories/GHSA-qj66-m88j-hmgj
C:\Program Files\dotnet\sdk\10.0.202\Microsoft.Common.CurrentVersion.targets(5395,5): warning MSB3026: n├úo foi poss├¡vel copiar "C:\Users\JAQUELINE\source\repos\ajudantedemagico\SkillMatch\backend\SkillMatch.Api\obj\Debug\net10.0\apphost.exe" para "bin\Debug\net10.0\SkillMatch.Api.exe". Iniciando nova tentativa 1 em 1000ms. The process cannot access the file 'C:\Users\JAQUELINE\source\repos\ajudantedemagico\SkillMatch\backend\SkillMatch.Api\bin\Debug\net10.0\SkillMatch.Api.exe' because it is being used by another process. O arquivo ├® bloqueado por: "SkillMatch.Api (12312)" [C:\Users\JAQUELINE\source\repos\ajudantedemagico\SkillMatch\backend\SkillMatch.Api\SkillMatch.Api.csproj]
C:\Program Files\dotnet\sdk\10.0.202\Microsoft.Common.CurrentVersion.targets(5395,5): warning MSB3026: n├úo foi poss├¡vel copiar "C:\Users\JAQUELINE\source\repos\ajudantedemagico\SkillMatch\backend\SkillMatch.Api\obj\Debug\net10.0\apphost.exe" para "bin\Debug\net10.0\SkillMatch.Api.exe". Iniciando nova tentativa 2 em 1000ms. The process cannot access the file 'C:\Users\JAQUELINE\source\repos\ajudantedemagico\SkillMatch\backend\SkillMatch.Api\bin\Debug\net10.0\SkillMatch.Api.exe' because it is being used by another process. O arquivo ├® bloqueado por: "SkillMatch.Api (12312)" [C:\Users\JAQUELINE\source\repos\ajudantedemagico\SkillMatch\backend\SkillMatch.Api\SkillMatch.Api.csproj]
C:\Program Files\dotnet\sdk\10.0.202\Microsoft.Common.CurrentVersion.targets(5395,5): warning MSB3026: n├úo foi poss├¡vel copiar "C:\Users\JAQUELINE\source\repos\ajudantedemagico\SkillMatch\backend\SkillMatch.Api\obj\Debug\net10.0\apphost.exe" para "bin\Debug\net10.0\SkillMatch.Api.exe". Iniciando nova tentativa 3 em 1000ms. The process cannot access the file 'C:\Users\JAQUELINE\source\repos\ajudantedemagico\SkillMatch\backend\SkillMatch.Api\bin\Debug\net10.0\SkillMatch.Api.exe' because it is being used by another process. O arquivo ├® bloqueado por: "SkillMatch.Api (12312)" [C:\Users\JAQUELINE\source\repos\ajudantedemagico\SkillMatch\backend\SkillMatch.Api\SkillMatch.Api.csproj]
C:\Program Files\dotnet\sdk\10.0.202\Microsoft.Common.CurrentVersion.targets(5395,5): warning MSB3026: n├úo foi poss├¡vel copiar "C:\Users\JAQUELINE\source\repos\ajudantedemagico\SkillMatch\backend\SkillMatch.Api\obj\Debug\net10.0\apphost.exe" para "bin\Debug\net10.0\SkillMatch.Api.exe". Iniciando nova tentativa 4 em 1000ms. The process cannot access the file 'C:\Users\JAQUELINE\source\repos\ajudantedemagico\SkillMatch\backend\SkillMatch.Api\bin\Debug\net10.0\SkillMatch.Api.exe' because it is being used by another process. O arquivo ├® bloqueado por: "SkillMatch.Api (12312)" [C:\Users\JAQUELINE\source\repos\ajudantedemagico\SkillMatch\backend\SkillMatch.Api\SkillMatch.Api.csproj]
C:\Program Files\dotnet\sdk\10.0.202\Microsoft.Common.CurrentVersion.targets(5395,5): warning MSB3026: n├úo foi poss├¡vel copiar "C:\Users\JAQUELINE\source\repos\ajudantedemagico\SkillMatch\backend\SkillMatch.Api\obj\Debug\net10.0\apphost.exe" para "bin\Debug\net10.0\SkillMatch.Api.exe". Iniciando nova tentativa 5 em 1000ms. The process cannot access the file 'C:\Users\JAQUELINE\source\repos\ajudantedemagico\SkillMatch\backend\SkillMatch.Api\bin\Debug\net10.0\SkillMatch.Api.exe' because it is being used by another process. O arquivo ├® bloqueado por: "SkillMatch.Api (12312)" [C:\Users\JAQUELINE\source\repos\ajudantedemagico\SkillMatch\backend\SkillMatch.Api\SkillMatch.Api.csproj]
C:\Program Files\dotnet\sdk\10.0.202\Microsoft.Common.CurrentVersion.targets(5395,5): warning MSB3026: n├úo foi poss├¡vel copiar "C:\Users\JAQUELINE\source\repos\ajudantedemagico\SkillMatch\backend\SkillMatch.Api\obj\Debug\net10.0\apphost.exe" para "bin\Debug\net10.0\SkillMatch.Api.exe". Iniciando nova tentativa 6 em 1000ms. The process cannot access the file 'C:\Users\JAQUELINE\source\repos\ajudantedemagico\SkillMatch\backend\SkillMatch.Api\bin\Debug\net10.0\SkillMatch.Api.exe' because it is being used by another process. O arquivo ├® bloqueado por: "SkillMatch.Api (12312)" [C:\Users\JAQUELINE\source\repos\ajudantedemagico\SkillMatch\backend\SkillMatch.Api\SkillMatch.Api.csproj]
C:\Program Files\dotnet\sdk\10.0.202\Microsoft.Common.CurrentVersion.targets(5395,5): warning MSB3026: n├úo foi poss├¡vel copiar "C:\Users\JAQUELINE\source\repos\ajudantedemagico\SkillMatch\backend\SkillMatch.Api\obj\Debug\net10.0\apphost.exe" para "bin\Debug\net10.0\SkillMatch.Api.exe". Iniciando nova tentativa 7 em 1000ms. The process cannot access the file 'C:\Users\JAQUELINE\source\repos\ajudantedemagico\SkillMatch\backend\SkillMatch.Api\bin\Debug\net10.0\SkillMatch.Api.exe' because it is being used by another process. O arquivo ├® bloqueado por: "SkillMatch.Api (12312)" [C:\Users\JAQUELINE\source\repos\ajudantedemagico\SkillMatch\backend\SkillMatch.Api\SkillMatch.Api.csproj]
C:\Program Files\dotnet\sdk\10.0.202\Microsoft.Common.CurrentVersion.targets(5395,5): warning MSB3026: n├úo foi poss├¡vel copiar "C:\Users\JAQUELINE\source\repos\ajudantedemagico\SkillMatch\backend\SkillMatch.Api\obj\Debug\net10.0\apphost.exe" para "bin\Debug\net10.0\SkillMatch.Api.exe". Iniciando nova tentativa 8 em 1000ms. The process cannot access the file 'C:\Users\JAQUELINE\source\repos\ajudantedemagico\SkillMatch\backend\SkillMatch.Api\bin\Debug\net10.0\SkillMatch.Api.exe' because it is being used by another process. O arquivo ├® bloqueado por: "SkillMatch.Api (12312)" [C:\Users\JAQUELINE\source\repos\ajudantedemagico\SkillMatch\backend\SkillMatch.Api\SkillMatch.Api.csproj]
C:\Program Files\dotnet\sdk\10.0.202\Microsoft.Common.CurrentVersion.targets(5395,5): warning MSB3026: n├úo foi poss├¡vel copiar "C:\Users\JAQUELINE\source\repos\ajudantedemagico\SkillMatch\backend\SkillMatch.Api\obj\Debug\net10.0\apphost.exe" para "bin\Debug\net10.0\SkillMatch.Api.exe". Iniciando nova tentativa 9 em 1000ms. The process cannot access the file 'C:\Users\JAQUELINE\source\repos\ajudantedemagico\SkillMatch\backend\SkillMatch.Api\bin\Debug\net10.0\SkillMatch.Api.exe' because it is being used by another process. O arquivo ├® bloqueado por: "SkillMatch.Api (12312)" [C:\Users\JAQUELINE\source\repos\ajudantedemagico\SkillMatch\backend\SkillMatch.Api\SkillMatch.Api.csproj]
C:\Program Files\dotnet\sdk\10.0.202\Microsoft.Common.CurrentVersion.targets(5395,5): warning MSB3026: n├úo foi poss├¡vel copiar "C:\Users\JAQUELINE\source\repos\ajudantedemagico\SkillMatch\backend\SkillMatch.Api\obj\Debug\net10.0\apphost.exe" para "bin\Debug\net10.0\SkillMatch.Api.exe". Iniciando nova tentativa 10 em 1000ms. The process cannot access the file 'C:\Users\JAQUELINE\source\repos\ajudantedemagico\SkillMatch\backend\SkillMatch.Api\bin\Debug\net10.0\SkillMatch.Api.exe' because it is being used by another process. O arquivo ├® bloqueado por: "SkillMatch.Api (12312)" [C:\Users\JAQUELINE\source\repos\ajudantedemagico\SkillMatch\backend\SkillMatch.Api\SkillMatch.Api.csproj]
C:\Program Files\dotnet\sdk\10.0.202\Microsoft.Common.CurrentVersion.targets(5395,5): error MSB3027: n├úo foi poss├¡vel copiar "C:\Users\JAQUELINE\source\repos\ajudantedemagico\SkillMatch\backend\SkillMatch.Api\obj\Debug\net10.0\apphost.exe" para "bin\Debug\net10.0\SkillMatch.Api.exe". N├║mero de novas tentativas 10 excedido. Falha. O arquivo ├® bloqueado por: "SkillMatch.Api (12312)" [C:\Users\JAQUELINE\source\repos\ajudantedemagico\SkillMatch\backend\SkillMatch.Api\SkillMatch.Api.csproj]
C:\Program Files\dotnet\sdk\10.0.202\Microsoft.Common.CurrentVersion.targets(5395,5): error MSB3021: N├úo ├® poss├¡vel copiar o arquivo "C:\Users\JAQUELINE\source\repos\ajudantedemagico\SkillMatch\backend\SkillMatch.Api\obj\Debug\net10.0\apphost.exe" para "bin\Debug\net10.0\SkillMatch.Api.exe". The process cannot access the file 'C:\Users\JAQUELINE\source\repos\ajudantedemagico\SkillMatch\backend\SkillMatch.Api\bin\Debug\net10.0\SkillMatch.Api.exe' because it is being used by another process. [C:\Users\JAQUELINE\source\repos\ajudantedemagico\SkillMatch\backend\SkillMatch.Api\SkillMatch.Api.csproj]
    16 Aviso(s)
    2 Erro(s)

Tempo Decorrido 00:00:12.90
